// Jest Snapshot v1, https://goo.gl/fbAQLP

exports[`Test in <CategoriesArticles/> should match snapshot 1`] = `
<div>
  <div
    class="MuiBox-root css-3yoo1r"
  >
    <h6
      class="MuiTypography-root MuiTypography-subtitle2 css-1ij1w03-MuiTypography-root"
    >
      Categories:
    </h6>
    <div
      class="MuiChip-root MuiChip-filled MuiChip-sizeMedium MuiChip-colorDefault MuiChip-filledDefault css-1u2dp2a-MuiChip-root"
    >
      <span
        class="MuiChip-label MuiChip-labelMedium css-6od3lo-MuiChip-label"
      >
        general
      </span>
    </div>
    <div
      class="MuiChip-root MuiChip-filled MuiChip-sizeMedium MuiChip-colorDefault MuiChip-filledDefault css-1qzrz4y-MuiChip-root"
    >
      <span
        class="MuiChip-label MuiChip-labelMedium css-6od3lo-MuiChip-label"
      >
        science
      </span>
    </div>
  </div>
</div>
`;
