// Jest Snapshot v1, https://goo.gl/fbAQLP

exports[`Test in <Welcome /> should match snapshot 1`] = `
<div
  aria-hidden="true"
>
  <div
    class="MuiBox-root css-14hrs0g"
  >
    <h4
      class="MuiTypography-root MuiTypography-h4 css-1r4f7b3-MuiTypography-root"
    >
      Welcome.
    </h4>
    <div>
      <div
        class="MuiGrid-root css-87ggms-MuiGrid-root"
      >
        <div
          class="MuiBox-root css-1b9hrwo"
        >
          <p
            class="MuiTypography-root MuiTypography-body1 css-qscxtw-MuiTypography-root"
          >
            Most recent top news.
          </p>
        </div>
        <div
          class="MuiGrid-root MuiGrid-item MuiGrid-grid-xs-12 css-z7x17r-MuiGrid-root"
        >
          <div
            class="MuiGrid-root MuiGrid-container MuiGrid-spacing-xs-3 css-bzgqu1-MuiGrid-root"
            style="opacity: 1; webkit-transition: opacity 1500ms cubic-bezier(0.4, 0, 0.2, 1) 0ms; transition: opacity 1500ms cubic-bezier(0.4, 0, 0.2, 1) 0ms;"
          />
        </div>
      </div>
    </div>
  </div>
</div>
`;
